2026-09-19 00:29:49,230 INFO Pika version 1.4.4 connecting to ('::1', 5672, 0, 0)
2026-09-19 00:29:49,233 INFO Socket connected: <socket.socket fd=584, family=23, type=1, proto=6, laddr=('::1', 52383, 0, 0), raddr=('::1', 5672, 0, 0)>
2026-09-19 00:29:49,233 INFO Streaming transport linked up: (<pika.adapters.utils.io_services_utils._AsyncPlaintextTransport object at 0x000002B46C654CD0>, _StreamingProtocolShim: <SelectConnection PROTOCOL transport=<pika.adapters.utils.io_services_utils._AsyncPlaintextTransport object at 0x000002B46C654CD0> params=<ConnectionParameters host=localhost port=5672 virtual_host=/ ssl=False>>).
2026-09-19 00:29:49,368 INFO AMQPConnector - reporting success: <SelectConnection OPEN transport=<pika.adapters.utils.io_services_utils._AsyncPlaintextTransport object at 0x000002B46C654CD0> params=<ConnectionParameters host=localhost port=5672 virtual_host=/ ssl=False>>
2026-09-19 00:29:49,368 INFO AMQPConnectionWorkflow - reporting success: <SelectConnection OPEN transport=<pika.adapters.utils.io_services_utils._AsyncPlaintextTransport object at 0x000002B46C654CD0> params=<ConnectionParameters host=localhost port=5672 virtual_host=/ ssl=False>>
2026-09-19 00:29:49,368 INFO Connection workflow succeeded: <SelectConnection OPEN transport=<pika.adapters.utils.io_services_utils._AsyncPlaintextTransport object at 0x000002B46C654CD0> params=<ConnectionParameters host=localhost port=5672 virtual_host=/ ssl=False>>
2026-09-19 00:29:49,370 INFO Created channel=1
2026-09-19 00:29:49,444 INFO Waiting for messages on ['login_events', 'support_tickets', 'feature_usage_logs']. To exit press CTRL+C
2026-09-19 00:29:52,781 INFO Consumed 1000 messages total (login_events=1000, support_tickets=0, feature_usage_logs=0)
2026-09-19 00:29:55,289 INFO Consumed 2000 messages total (login_events=2000, support_tickets=0, feature_usage_logs=0)
2026-09-19 00:29:58,467 INFO Consumed 3000 messages total (login_events=3000, support_tickets=0, feature_usage_logs=0)
2026-09-19 00:30:02,644 INFO Consumed 4000 messages total (login_events=4000, support_tickets=0, feature_usage_logs=0)
2026-09-19 00:30:05,795 INFO Consumed 5000 messages total (login_events=5000, support_tickets=0, feature_usage_logs=0)
2026-09-19 00:30:08,365 INFO Consumed 6000 messages total (login_events=6000, support_tickets=0, feature_usage_logs=0)
2026-09-19 00:30:11,515 INFO Consumed 7000 messages total (login_events=7000, support_tickets=0, feature_usage_logs=0)
2026-09-19 00:30:13,451 INFO Consumed 8000 messages total (login_events=8000, support_tickets=0, feature_usage_logs=0)
2026-09-19 00:30:15,520 INFO Consumed 9000 messages total (login_events=9000, support_tickets=0, feature_usage_logs=0)
2026-09-19 00:30:17,553 INFO Consumed 10000 messages total (login_events=10000, support_tickets=0, feature_usage_logs=0)
2026-09-19 00:30:19,392 INFO Consumed 11000 messages total (login_events=11000, support_tickets=0, feature_usage_logs=0)
2026-09-19 00:30:21,147 INFO Consumed 12000 messages total (login_events=12000, support_tickets=0, feature_usage_logs=0)
2026-09-19 00:30:22,985 INFO Consumed 13000 messages total (login_events=13000, support_tickets=0, feature_usage_logs=0)
2026-09-19 00:30:24,631 INFO Consumed 14000 messages total (login_events=14000, support_tickets=0, feature_usage_logs=0)
2026-09-19 00:30:26,310 INFO Consumed 15000 messages total (login_events=15000, support_tickets=0, feature_usage_logs=0)
2026-09-19 00:30:27,719 INFO Consumed 16000 messages total (login_events=16000, support_tickets=0, feature_usage_logs=0)
2026-09-19 00:30:29,687 INFO Consumed 17000 messages total (login_events=17000, support_tickets=0, feature_usage_logs=0)
2026-09-19 00:30:32,081 INFO Consumed 18000 messages total (login_events=18000, support_tickets=0, feature_usage_logs=0)
2026-09-19 00:30:34,667 INFO Consumed 19000 messages total (login_events=19000, support_tickets=0, feature_usage_logs=0)
2026-09-19 00:30:36,738 INFO Consumed 20000 messages total (login_events=20000, support_tickets=0, feature_usage_logs=0)
2026-09-19 00:30:38,987 INFO Consumed 21000 messages total (login_events=21000, support_tickets=0, feature_usage_logs=0)
2026-09-19 00:30:40,980 INFO Consumed 22000 messages total (login_events=22000, support_tickets=0, feature_usage_logs=0)
2026-09-19 00:30:43,591 INFO Consumed 23000 messages total (login_events=23000, support_tickets=0, feature_usage_logs=0)
2026-09-19 00:30:45,524 INFO Consumed 24000 messages total (login_events=24000, support_tickets=0, feature_usage_logs=0)
2026-09-19 00:30:47,253 INFO Consumed 25000 messages total (login_events=25000, support_tickets=0, feature_usage_logs=0)
2026-09-19 00:30:49,328 INFO Consumed 26000 messages total (login_events=26000, support_tickets=0, feature_usage_logs=0)
2026-09-19 00:30:51,447 INFO Consumed 27000 messages total (login_events=27000, support_tickets=0, feature_usage_logs=0)
2026-09-19 00:30:53,403 INFO Consumed 28000 messages total (login_events=28000, support_tickets=0, feature_usage_logs=0)
2026-09-19 00:30:54,878 INFO Consumed 29000 messages total (login_events=29000, support_tickets=0, feature_usage_logs=0)
2026-09-19 00:30:56,496 INFO Consumed 30000 messages total (login_events=30000, support_tickets=0, feature_usage_logs=0)
2026-09-19 00:30:58,059 INFO Consumed 31000 messages total (login_events=31000, support_tickets=0, feature_usage_logs=0)
2026-09-19 00:30:59,619 INFO Consumed 32000 messages total (login_events=32000, support_tickets=0, feature_usage_logs=0)
2026-09-19 00:31:01,215 INFO Consumed 33000 messages total (login_events=33000, support_tickets=0, feature_usage_logs=0)
2026-09-19 00:31:02,804 INFO Consumed 34000 messages total (login_events=34000, support_tickets=0, feature_usage_logs=0)
2026-09-19 00:31:04,629 INFO Consumed 35000 messages total (login_events=35000, support_tickets=0, feature_usage_logs=0)
2026-09-19 00:31:06,192 INFO Consumed 36000 messages total (login_events=36000, support_tickets=0, feature_usage_logs=0)
2026-09-19 00:31:07,814 INFO Consumed 37000 messages total (login_events=37000, support_tickets=0, feature_usage_logs=0)
2026-09-19 00:31:09,326 INFO Consumed 38000 messages total (login_events=38000, support_tickets=0, feature_usage_logs=0)
2026-09-19 00:31:11,098 INFO Consumed 39000 messages total (login_events=39000, support_tickets=0, feature_usage_logs=0)
2026-09-19 00:31:12,390 INFO Consumed 40000 messages total (login_events=40000, support_tickets=0, feature_usage_logs=0)
2026-09-19 00:31:14,220 INFO Consumed 41000 messages total (login_events=41000, support_tickets=0, feature_usage_logs=0)
2026-09-19 00:31:15,796 INFO Consumed 42000 messages total (login_events=42000, support_tickets=0, feature_usage_logs=0)
2026-09-19 00:31:17,225 INFO Consumed 43000 messages total (login_events=43000, support_tickets=0, feature_usage_logs=0)
2026-09-19 00:31:18,750 INFO Consumed 44000 messages total (login_events=44000, support_tickets=0, feature_usage_logs=0)
2026-09-19 00:31:21,357 INFO Consumed 45000 messages total (login_events=44600, support_tickets=400, feature_usage_logs=0)
2026-09-19 00:31:23,685 INFO Consumed 46000 messages total (login_events=45200, support_tickets=800, feature_usage_logs=0)
2026-09-19 00:31:25,071 INFO Consumed 47000 messages total (login_events=45800, support_tickets=1200, feature_usage_logs=0)
2026-09-19 00:31:26,617 INFO Consumed 48000 messages total (login_events=46200, support_tickets=1800, feature_usage_logs=0)
2026-09-19 00:31:28,732 INFO Consumed 49000 messages total (login_events=46600, support_tickets=2400, feature_usage_logs=0)
2026-09-19 00:31:30,088 INFO Consumed 50000 messages total (login_events=47000, support_tickets=2600, feature_usage_logs=400)
2026-09-19 00:31:31,578 INFO Consumed 51000 messages total (login_events=47400, support_tickets=2800, feature_usage_logs=800)
2026-09-19 00:31:33,319 INFO Consumed 52000 messages total (login_events=47600, support_tickets=3200, feature_usage_logs=1200)
2026-09-19 00:31:35,856 INFO Consumed 53000 messages total (login_events=47820, support_tickets=3600, feature_usage_logs=1580)
2026-09-19 00:31:37,498 INFO Consumed 54000 messages total (login_events=48200, support_tickets=4000, feature_usage_logs=1800)
2026-09-19 00:31:39,064 INFO Consumed 55000 messages total (login_events=48600, support_tickets=4400, feature_usage_logs=2000)
2026-09-19 00:31:41,129 INFO Consumed 56000 messages total (login_events=49000, support_tickets=4600, feature_usage_logs=2400)
2026-09-19 00:31:42,843 INFO Consumed 57000 messages total (login_events=49400, support_tickets=4800, feature_usage_logs=2800)
2026-09-19 00:31:44,383 INFO Consumed 58000 messages total (login_events=49600, support_tickets=5200, feature_usage_logs=3200)
2026-09-19 00:31:45,973 INFO Consumed 59000 messages total (login_events=49820, support_tickets=5600, feature_usage_logs=3580)
2026-09-19 00:31:48,199 INFO Consumed 60000 messages total (login_events=50200, support_tickets=6000, feature_usage_logs=3800)
2026-09-19 00:31:50,095 INFO Consumed 61000 messages total (login_events=50600, support_tickets=6400, feature_usage_logs=4000)
2026-09-19 00:31:52,512 INFO Consumed 62000 messages total (login_events=51000, support_tickets=6600, feature_usage_logs=4400)
2026-09-19 00:31:54,872 INFO Consumed 63000 messages total (login_events=51400, support_tickets=6800, feature_usage_logs=4800)
2026-09-19 00:31:56,904 INFO Consumed 64000 messages total (login_events=51600, support_tickets=7200, feature_usage_logs=5200)
2026-09-19 00:31:58,647 INFO Consumed 65000 messages total (login_events=51820, support_tickets=7600, feature_usage_logs=5580)
2026-09-19 00:32:00,597 INFO Consumed 66000 messages total (login_events=52220, support_tickets=8000, feature_usage_logs=5780)
2026-09-19 00:32:02,455 INFO Consumed 67000 messages total (login_events=52600, support_tickets=8400, feature_usage_logs=6000)
2026-09-19 00:32:04,023 INFO Consumed 68000 messages total (login_events=53000, support_tickets=8600, feature_usage_logs=6400)
2026-09-19 00:32:05,924 INFO Consumed 69000 messages total (login_events=53400, support_tickets=8800, feature_usage_logs=6800)
2026-09-19 00:32:08,016 INFO Consumed 70000 messages total (login_events=53600, support_tickets=9200, feature_usage_logs=7200)
2026-09-19 00:32:09,488 INFO Consumed 71000 messages total (login_events=53820, support_tickets=9600, feature_usage_logs=7580)
2026-09-19 00:32:11,208 INFO Consumed 72000 messages total (login_events=54220, support_tickets=10000, feature_usage_logs=7780)
2026-09-19 00:32:13,369 INFO Consumed 73000 messages total (login_events=54600, support_tickets=10400, feature_usage_logs=8000)
2026-09-19 00:32:14,874 INFO Consumed 74000 messages total (login_events=55000, support_tickets=10600, feature_usage_logs=8400)
2026-09-19 00:32:16,161 INFO Consumed 75000 messages total (login_events=55400, support_tickets=10800, feature_usage_logs=8800)
2026-09-19 00:32:17,829 INFO Consumed 76000 messages total (login_events=55600, support_tickets=11200, feature_usage_logs=9200)
2026-09-19 00:32:21,174 INFO Consumed 77000 messages total (login_events=55820, support_tickets=11600, feature_usage_logs=9580)
2026-09-19 00:32:23,715 INFO Consumed 78000 messages total (login_events=56220, support_tickets=12000, feature_usage_logs=9780)
2026-09-19 00:32:24,923 INFO Consumed 79000 messages total (login_events=56600, support_tickets=12400, feature_usage_logs=10000)
2026-09-19 00:32:26,193 INFO Consumed 80000 messages total (login_events=57000, support_tickets=12600, feature_usage_logs=10400)
2026-09-19 00:32:27,642 INFO Consumed 81000 messages total (login_events=57401, support_tickets=12799, feature_usage_logs=10800)
2026-09-19 00:32:28,972 INFO Consumed 82000 messages total (login_events=57820, support_tickets=12799, feature_usage_logs=11381)
2026-09-19 00:32:30,200 INFO Consumed 83000 messages total (login_events=58220, support_tickets=12799, feature_usage_logs=11981)
2026-09-19 00:32:31,834 INFO Consumed 84000 messages total (login_events=58801, support_tickets=12799, feature_usage_logs=12400)
2026-09-19 00:32:33,370 INFO Consumed 85000 messages total (login_events=59401, support_tickets=12799, feature_usage_logs=12800)
2026-09-19 00:32:35,518 INFO Consumed 86000 messages total (login_events=59820, support_tickets=12799, feature_usage_logs=13381)
2026-09-19 00:32:37,323 INFO Consumed 87000 messages total (login_events=60220, support_tickets=12799, feature_usage_logs=13981)
2026-09-19 00:32:39,054 INFO Consumed 88000 messages total (login_events=60801, support_tickets=12799, feature_usage_logs=14400)
2026-09-19 00:32:40,213 INFO Consumed 89000 messages total (login_events=61401, support_tickets=12799, feature_usage_logs=14800)
2026-09-19 00:32:41,736 INFO Consumed 90000 messages total (login_events=61820, support_tickets=12799, feature_usage_logs=15381)
2026-09-19 00:32:43,108 INFO Consumed 91000 messages total (login_events=62220, support_tickets=12799, feature_usage_logs=15981)
2026-09-19 00:32:44,713 INFO Consumed 92000 messages total (login_events=62801, support_tickets=12799, feature_usage_logs=16400)
2026-09-19 00:32:46,521 INFO Consumed 93000 messages total (login_events=63401, support_tickets=12799, feature_usage_logs=16800)
2026-09-19 00:32:48,109 INFO Consumed 94000 messages total (login_events=63820, support_tickets=12799, feature_usage_logs=17381)
2026-09-19 00:32:49,744 INFO Consumed 95000 messages total (login_events=64220, support_tickets=12799, feature_usage_logs=17981)
2026-09-19 00:32:51,028 INFO Consumed 96000 messages total (login_events=64801, support_tickets=12799, feature_usage_logs=18400)
2026-09-19 00:32:53,497 INFO Consumed 97000 messages total (login_events=65401, support_tickets=12799, feature_usage_logs=18800)
2026-09-19 00:32:55,237 INFO Consumed 98000 messages total (login_events=65820, support_tickets=12799, feature_usage_logs=19381)
2026-09-19 00:32:57,147 INFO Consumed 99000 messages total (login_events=66220, support_tickets=12799, feature_usage_logs=19981)
2026-09-19 00:32:59,160 INFO Consumed 100000 messages total (login_events=66801, support_tickets=12799, feature_usage_logs=20400)
2026-09-19 00:33:01,306 INFO Consumed 101000 messages total (login_events=67401, support_tickets=12799, feature_usage_logs=20800)
2026-09-19 00:33:03,578 INFO Consumed 102000 messages total (login_events=67820, support_tickets=12799, feature_usage_logs=21381)
2026-09-19 00:33:05,266 INFO Consumed 103000 messages total (login_events=68220, support_tickets=12799, feature_usage_logs=21981)
2026-09-19 00:33:06,504 INFO Consumed 104000 messages total (login_events=68801, support_tickets=12799, feature_usage_logs=22400)
2026-09-19 00:33:07,327 INFO Consumed 105000 messages total (login_events=69401, support_tickets=12799, feature_usage_logs=22800)
2026-09-19 00:33:08,832 INFO Consumed 106000 messages total (login_events=69820, support_tickets=12799, feature_usage_logs=23381)
2026-09-19 00:33:10,537 INFO Consumed 107000 messages total (login_events=70220, support_tickets=12799, feature_usage_logs=23981)
2026-09-19 00:33:11,930 INFO Consumed 108000 messages total (login_events=70801, support_tickets=12799, feature_usage_logs=24400)
2026-09-19 00:33:13,597 INFO Consumed 109000 messages total (login_events=71401, support_tickets=12799, feature_usage_logs=24800)
2026-09-19 00:33:14,924 INFO Consumed 110000 messages total (login_events=71820, support_tickets=12799, feature_usage_logs=25381)
2026-09-19 00:33:16,407 INFO Consumed 111000 messages total (login_events=72220, support_tickets=12799, feature_usage_logs=25981)
2026-09-19 00:33:18,536 INFO Consumed 112000 messages total (login_events=72801, support_tickets=12799, feature_usage_logs=26400)
2026-09-19 00:33:20,951 INFO Consumed 113000 messages total (login_events=73401, support_tickets=12799, feature_usage_logs=26800)
2026-09-19 00:33:22,600 INFO Consumed 114000 messages total (login_events=73820, support_tickets=12799, feature_usage_logs=27381)
2026-09-19 00:33:24,639 INFO Consumed 115000 messages total (login_events=74220, support_tickets=12799, feature_usage_logs=27981)
2026-09-19 00:33:26,549 INFO Consumed 116000 messages total (login_events=74801, support_tickets=12799, feature_usage_logs=28400)
2026-09-19 00:33:27,990 INFO Consumed 117000 messages total (login_events=75401, support_tickets=12799, feature_usage_logs=28800)
2026-09-19 00:33:29,939 INFO Consumed 118000 messages total (login_events=75820, support_tickets=12799, feature_usage_logs=29381)
2026-09-19 00:33:31,550 INFO Consumed 119000 messages total (login_events=76220, support_tickets=12799, feature_usage_logs=29981)
2026-09-19 00:33:32,913 INFO Consumed 120000 messages total (login_events=76801, support_tickets=12799, feature_usage_logs=30400)
2026-09-19 00:33:34,151 INFO Consumed 121000 messages total (login_events=77401, support_tickets=12799, feature_usage_logs=30800)
2026-09-19 00:33:35,550 INFO Consumed 122000 messages total (login_events=77820, support_tickets=12799, feature_usage_logs=31381)
2026-09-19 00:33:36,774 INFO Consumed 123000 messages total (login_events=78220, support_tickets=12799, feature_usage_logs=31981)
2026-09-19 00:33:38,024 INFO Consumed 124000 messages total (login_events=78801, support_tickets=12799, feature_usage_logs=32400)
2026-09-19 00:33:39,607 INFO Consumed 125000 messages total (login_events=79401, support_tickets=12799, feature_usage_logs=32800)
2026-09-19 00:33:40,689 INFO Consumed 126000 messages total (login_events=79820, support_tickets=12799, feature_usage_logs=33381)
2026-09-19 00:33:42,106 INFO Consumed 127000 messages total (login_events=80220, support_tickets=12799, feature_usage_logs=33981)
2026-09-19 00:33:43,693 INFO Consumed 128000 messages total (login_events=80801, support_tickets=12799, feature_usage_logs=34400)
2026-09-19 00:33:45,004 INFO Consumed 129000 messages total (login_events=81401, support_tickets=12799, feature_usage_logs=34800)
2026-09-19 00:33:46,302 INFO Consumed 130000 messages total (login_events=81820, support_tickets=12799, feature_usage_logs=35381)
2026-09-19 00:33:47,606 INFO Consumed 131000 messages total (login_events=82220, support_tickets=12799, feature_usage_logs=35981)
2026-09-19 00:33:49,027 INFO Consumed 132000 messages total (login_events=82801, support_tickets=12799, feature_usage_logs=36400)
2026-09-19 00:33:50,601 INFO Consumed 133000 messages total (login_events=83401, support_tickets=12799, feature_usage_logs=36800)
2026-09-19 00:33:51,860 INFO Consumed 134000 messages total (login_events=83820, support_tickets=12799, feature_usage_logs=37381)
2026-09-19 00:33:53,157 INFO Consumed 135000 messages total (login_events=84220, support_tickets=12799, feature_usage_logs=37981)
2026-09-19 00:33:54,661 INFO Consumed 136000 messages total (login_events=84801, support_tickets=12799, feature_usage_logs=38400)
2026-09-19 00:33:55,888 INFO Consumed 137000 messages total (login_events=85401, support_tickets=12799, feature_usage_logs=38800)
2026-09-19 00:33:57,318 INFO Consumed 138000 messages total (login_events=85820, support_tickets=12799, feature_usage_logs=39381)
2026-09-19 00:33:58,871 INFO Consumed 139000 messages total (login_events=86220, support_tickets=12799, feature_usage_logs=39981)
2026-09-19 00:33:59,910 INFO Consumed 140000 messages total (login_events=86801, support_tickets=12799, feature_usage_logs=40400)
2026-09-19 00:34:01,487 INFO Consumed 141000 messages total (login_events=87401, support_tickets=12799, feature_usage_logs=40800)
2026-09-19 00:34:02,910 INFO Consumed 142000 messages total (login_events=87820, support_tickets=12799, feature_usage_logs=41381)
2026-09-19 00:34:04,104 INFO Consumed 143000 messages total (login_events=88220, support_tickets=12799, feature_usage_logs=41981)
2026-09-19 00:34:05,389 INFO Consumed 144000 messages total (login_events=88801, support_tickets=12799, feature_usage_logs=42400)
2026-09-19 00:34:06,864 INFO Consumed 145000 messages total (login_events=89401, support_tickets=12799, feature_usage_logs=42800)
2026-09-19 00:34:08,196 INFO Consumed 146000 messages total (login_events=89820, support_tickets=12799, feature_usage_logs=43381)
2026-09-19 00:34:09,641 INFO Consumed 147000 messages total (login_events=90220, support_tickets=12799, feature_usage_logs=43981)
2026-09-19 00:34:11,132 INFO Consumed 148000 messages total (login_events=90801, support_tickets=12799, feature_usage_logs=44400)
2026-09-19 00:34:12,606 INFO Consumed 149000 messages total (login_events=91401, support_tickets=12799, feature_usage_logs=44800)
2026-09-19 00:34:14,096 INFO Consumed 150000 messages total (login_events=91820, support_tickets=12799, feature_usage_logs=45381)
2026-09-19 00:34:15,190 INFO Consumed 151000 messages total (login_events=92220, support_tickets=12799, feature_usage_logs=45981)
2026-09-19 00:34:17,071 INFO Consumed 152000 messages total (login_events=92801, support_tickets=12799, feature_usage_logs=46400)
2026-09-19 00:34:19,194 INFO Consumed 153000 messages total (login_events=93401, support_tickets=12799, feature_usage_logs=46800)
2026-09-19 00:34:20,976 INFO Consumed 154000 messages total (login_events=93820, support_tickets=12799, feature_usage_logs=47381)
2026-09-19 00:34:22,374 INFO Consumed 155000 messages total (login_events=94220, support_tickets=12799, feature_usage_logs=47981)
2026-09-19 00:34:23,628 INFO Consumed 156000 messages total (login_events=94801, support_tickets=12799, feature_usage_logs=48400)
2026-09-19 00:34:25,204 INFO Consumed 157000 messages total (login_events=95401, support_tickets=12799, feature_usage_logs=48800)
2026-09-19 00:34:26,414 INFO Consumed 158000 messages total (login_events=95820, support_tickets=12799, feature_usage_logs=49381)
2026-09-19 00:34:27,837 INFO Consumed 159000 messages total (login_events=96220, support_tickets=12799, feature_usage_logs=49981)
2026-09-19 00:34:29,216 INFO Consumed 160000 messages total (login_events=96801, support_tickets=12799, feature_usage_logs=50400)
2026-09-19 00:34:30,209 INFO Consumed 161000 messages total (login_events=97401, support_tickets=12799, feature_usage_logs=50800)
2026-09-19 00:34:31,572 INFO Consumed 162000 messages total (login_events=97820, support_tickets=12799, feature_usage_logs=51381)
2026-09-19 00:34:33,043 INFO Consumed 163000 messages total (login_events=98220, support_tickets=12799, feature_usage_logs=51981)
2026-09-19 00:34:34,788 INFO Consumed 164000 messages total (login_events=98801, support_tickets=12799, feature_usage_logs=52400)
2026-09-19 00:34:37,028 INFO Consumed 165000 messages total (login_events=99401, support_tickets=12799, feature_usage_logs=52800)
2026-09-19 00:34:38,623 INFO Consumed 166000 messages total (login_events=99820, support_tickets=12799, feature_usage_logs=53381)
2026-09-19 00:34:40,255 INFO Consumed 167000 messages total (login_events=100220, support_tickets=12799, feature_usage_logs=53981)
2026-09-19 00:34:41,820 INFO Consumed 168000 messages total (login_events=100801, support_tickets=12799, feature_usage_logs=54400)
2026-09-19 00:34:43,401 INFO Consumed 169000 messages total (login_events=101401, support_tickets=12799, feature_usage_logs=54800)
2026-09-19 00:34:44,721 INFO Consumed 170000 messages total (login_events=101820, support_tickets=12799, feature_usage_logs=55381)
2026-09-19 00:34:46,419 INFO Consumed 171000 messages total (login_events=102220, support_tickets=12799, feature_usage_logs=55981)
2026-09-19 00:34:47,838 INFO Consumed 172000 messages total (login_events=102801, support_tickets=12799, feature_usage_logs=56400)
2026-09-19 00:34:49,109 INFO Consumed 173000 messages total (login_events=103401, support_tickets=12799, feature_usage_logs=56800)
2026-09-19 00:34:50,682 INFO Consumed 174000 messages total (login_events=103820, support_tickets=12799, feature_usage_logs=57381)
2026-09-19 00:34:51,687 INFO Consumed 175000 messages total (login_events=104220, support_tickets=12799, feature_usage_logs=57981)
2026-09-19 00:34:53,083 INFO Consumed 176000 messages total (login_events=104801, support_tickets=12799, feature_usage_logs=58400)
2026-09-19 00:34:54,317 INFO Consumed 177000 messages total (login_events=105401, support_tickets=12799, feature_usage_logs=58800)
2026-09-19 00:34:55,897 INFO Consumed 178000 messages total (login_events=105820, support_tickets=12799, feature_usage_logs=59381)
2026-09-19 00:34:57,809 INFO Consumed 179000 messages total (login_events=106220, support_tickets=12799, feature_usage_logs=59981)
2026-09-19 00:34:59,119 INFO Consumed 180000 messages total (login_events=106801, support_tickets=12799, feature_usage_logs=60400)
2026-09-19 00:35:01,067 INFO Consumed 181000 messages total (login_events=107401, support_tickets=12799, feature_usage_logs=60800)
2026-09-19 00:35:02,531 INFO Consumed 182000 messages total (login_events=107820, support_tickets=12799, feature_usage_logs=61381)
2026-09-19 00:35:04,078 INFO Consumed 183000 messages total (login_events=108220, support_tickets=12799, feature_usage_logs=61981)
2026-09-19 00:35:05,319 INFO Consumed 184000 messages total (login_events=108801, support_tickets=12799, feature_usage_logs=62400)
2026-09-19 00:35:06,328 INFO Consumed 185000 messages total (login_events=109401, support_tickets=12799, feature_usage_logs=62800)
2026-09-19 00:35:08,042 INFO Consumed 186000 messages total (login_events=109820, support_tickets=12799, feature_usage_logs=63381)
2026-09-19 00:35:10,363 INFO Consumed 187000 messages total (login_events=110220, support_tickets=12799, feature_usage_logs=63981)
2026-09-19 00:35:12,275 INFO Consumed 188000 messages total (login_events=110801, support_tickets=12799, feature_usage_logs=64400)
2026-09-19 00:35:14,254 INFO Consumed 189000 messages total (login_events=111401, support_tickets=12799, feature_usage_logs=64800)
2026-09-19 00:35:15,612 INFO Consumed 190000 messages total (login_events=111820, support_tickets=12799, feature_usage_logs=65381)
2026-09-19 00:35:16,626 INFO Consumed 191000 messages total (login_events=112220, support_tickets=12799, feature_usage_logs=65981)
2026-09-19 00:35:17,853 INFO Consumed 192000 messages total (login_events=112801, support_tickets=12799, feature_usage_logs=66400)
2026-09-19 00:35:19,378 INFO Consumed 193000 messages total (login_events=113401, support_tickets=12799, feature_usage_logs=66800)
2026-09-19 00:35:20,790 INFO Consumed 194000 messages total (login_events=113820, support_tickets=12799, feature_usage_logs=67381)
2026-09-19 00:35:22,505 INFO Consumed 195000 messages total (login_events=114220, support_tickets=12799, feature_usage_logs=67981)
2026-09-19 00:35:23,950 INFO Consumed 196000 messages total (login_events=114801, support_tickets=12799, feature_usage_logs=68400)
2026-09-19 00:35:25,262 INFO Consumed 197000 messages total (login_events=115401, support_tickets=12799, feature_usage_logs=68800)
2026-09-19 00:35:26,292 INFO Consumed 198000 messages total (login_events=115820, support_tickets=12799, feature_usage_logs=69381)
2026-09-19 00:35:27,363 INFO Consumed 199000 messages total (login_events=116220, support_tickets=12799, feature_usage_logs=69981)
2026-09-19 00:35:28,871 INFO Consumed 200000 messages total (login_events=116801, support_tickets=12799, feature_usage_logs=70400)
2026-09-19 00:35:30,182 INFO Consumed 201000 messages total (login_events=117401, support_tickets=12799, feature_usage_logs=70800)
2026-09-19 00:35:31,727 INFO Consumed 202000 messages total (login_events=117820, support_tickets=12799, feature_usage_logs=71381)
2026-09-19 00:35:32,819 INFO Consumed 203000 messages total (login_events=118220, support_tickets=12799, feature_usage_logs=71981)
2026-09-19 00:35:34,295 INFO Consumed 204000 messages total (login_events=118801, support_tickets=12799, feature_usage_logs=72400)
2026-09-19 00:35:35,568 INFO Consumed 205000 messages total (login_events=119401, support_tickets=12799, feature_usage_logs=72800)
2026-09-19 00:35:36,715 INFO Consumed 206000 messages total (login_events=119820, support_tickets=12799, feature_usage_logs=73381)
2026-09-19 00:35:38,096 INFO Consumed 207000 messages total (login_events=120220, support_tickets=12799, feature_usage_logs=73981)
2026-09-19 00:35:39,536 INFO Consumed 208000 messages total (login_events=120801, support_tickets=12799, feature_usage_logs=74400)
2026-09-19 00:35:41,108 INFO Consumed 209000 messages total (login_events=121401, support_tickets=12799, feature_usage_logs=74800)
2026-09-19 00:35:42,439 INFO Consumed 210000 messages total (login_events=121820, support_tickets=12799, feature_usage_logs=75381)
2026-09-19 00:35:44,009 INFO Consumed 211000 messages total (login_events=122220, support_tickets=12799, feature_usage_logs=75981)
2026-09-19 00:35:45,284 INFO Consumed 212000 messages total (login_events=122801, support_tickets=12799, feature_usage_logs=76400)
2026-09-19 00:35:46,771 INFO Consumed 213000 messages total (login_events=123401, support_tickets=12799, feature_usage_logs=76800)
2026-09-19 00:35:48,067 INFO Consumed 214000 messages total (login_events=123820, support_tickets=12799, feature_usage_logs=77381)
2026-09-19 00:35:49,473 INFO Consumed 215000 messages total (login_events=124220, support_tickets=12799, feature_usage_logs=77981)
2026-09-19 00:35:50,795 INFO Consumed 216000 messages total (login_events=124801, support_tickets=12799, feature_usage_logs=78400)
2026-09-19 00:35:51,916 INFO Consumed 217000 messages total (login_events=125401, support_tickets=12799, feature_usage_logs=78800)
2026-09-19 00:35:53,472 INFO Consumed 218000 messages total (login_events=125820, support_tickets=12799, feature_usage_logs=79381)
2026-09-19 00:35:54,731 INFO Consumed 219000 messages total (login_events=126220, support_tickets=12799, feature_usage_logs=79981)
2026-09-19 00:35:55,949 INFO Consumed 220000 messages total (login_events=126801, support_tickets=12799, feature_usage_logs=80400)
2026-09-19 00:35:57,351 INFO Consumed 221000 messages total (login_events=127401, support_tickets=12799, feature_usage_logs=80800)
2026-09-19 00:35:58,918 INFO Consumed 222000 messages total (login_events=127820, support_tickets=12799, feature_usage_logs=81381)
2026-09-19 00:36:00,116 INFO Consumed 223000 messages total (login_events=128220, support_tickets=12799, feature_usage_logs=81981)
2026-09-19 00:36:01,310 INFO Consumed 224000 messages total (login_events=128801, support_tickets=12799, feature_usage_logs=82400)
2026-09-19 00:36:02,798 INFO Consumed 225000 messages total (login_events=129401, support_tickets=12799, feature_usage_logs=82800)
2026-09-19 00:36:04,246 INFO Consumed 226000 messages total (login_events=129820, support_tickets=12799, feature_usage_logs=83381)
2026-09-19 00:36:05,365 INFO Consumed 227000 messages total (login_events=130220, support_tickets=12799, feature_usage_logs=83981)
2026-09-19 00:36:06,772 INFO Consumed 228000 messages total (login_events=130801, support_tickets=12799, feature_usage_logs=84400)
2026-09-19 00:36:07,928 INFO Consumed 229000 messages total (login_events=131401, support_tickets=12799, feature_usage_logs=84800)
2026-09-19 00:36:09,241 INFO Consumed 230000 messages total (login_events=131820, support_tickets=12799, feature_usage_logs=85381)
2026-09-19 00:36:10,727 INFO Consumed 231000 messages total (login_events=132220, support_tickets=12799, feature_usage_logs=85981)
2026-09-19 00:36:12,014 INFO Consumed 232000 messages total (login_events=132801, support_tickets=12799, feature_usage_logs=86400)
2026-09-19 00:36:13,544 INFO Consumed 233000 messages total (login_events=133401, support_tickets=12799, feature_usage_logs=86800)
2026-09-19 00:36:14,763 INFO Consumed 234000 messages total (login_events=133820, support_tickets=12799, feature_usage_logs=87381)
2026-09-19 00:36:15,660 INFO Consumed 235000 messages total (login_events=134220, support_tickets=12799, feature_usage_logs=87981)
2026-09-19 00:36:17,045 INFO Consumed 236000 messages total (login_events=134801, support_tickets=12799, feature_usage_logs=88400)
2026-09-19 00:36:18,415 INFO Consumed 237000 messages total (login_events=135401, support_tickets=12799, feature_usage_logs=88800)
2026-09-19 00:36:19,735 INFO Consumed 238000 messages total (login_events=135820, support_tickets=12799, feature_usage_logs=89381)
2026-09-19 00:36:21,192 INFO Consumed 239000 messages total (login_events=136220, support_tickets=12799, feature_usage_logs=89981)
2026-09-19 00:36:22,137 INFO Consumed 240000 messages total (login_events=136801, support_tickets=12799, feature_usage_logs=90400)
2026-09-19 00:36:23,422 INFO Consumed 241000 messages total (login_events=137401, support_tickets=12799, feature_usage_logs=90800)
2026-09-19 00:36:24,661 INFO Consumed 242000 messages total (login_events=137820, support_tickets=12799, feature_usage_logs=91381)
2026-09-19 00:36:25,909 INFO Consumed 243000 messages total (login_events=138220, support_tickets=12799, feature_usage_logs=91981)
2026-09-19 00:36:27,216 INFO Consumed 244000 messages total (login_events=138801, support_tickets=12799, feature_usage_logs=92400)
2026-09-19 00:36:28,497 INFO Consumed 245000 messages total (login_events=139401, support_tickets=12799, feature_usage_logs=92800)
2026-09-19 00:36:29,769 INFO Consumed 246000 messages total (login_events=139820, support_tickets=12799, feature_usage_logs=93381)
2026-09-19 00:36:31,134 INFO Consumed 247000 messages total (login_events=139973, support_tickets=12799, feature_usage_logs=94228)
2026-09-19 00:36:32,731 INFO Consumed 248000 messages total (login_events=139973, support_tickets=12799, feature_usage_logs=95228)
2026-09-19 00:36:34,050 INFO Consumed 249000 messages total (login_events=139973, support_tickets=12799, feature_usage_logs=96228)
2026-09-19 00:36:35,384 INFO Consumed 250000 messages total (login_events=139973, support_tickets=12799, feature_usage_logs=97228)
2026-09-19 00:36:36,455 INFO Consumed 251000 messages total (login_events=139973, support_tickets=12799, feature_usage_logs=98228)
2026-09-19 00:36:37,761 INFO Consumed 252000 messages total (login_events=139973, support_tickets=12799, feature_usage_logs=99228)
2026-09-19 00:36:38,994 INFO Consumed 253000 messages total (login_events=139973, support_tickets=12799, feature_usage_logs=100228)
2026-09-19 00:36:40,380 INFO Consumed 254000 messages total (login_events=139973, support_tickets=12799, feature_usage_logs=101228)
2026-09-19 00:36:41,862 INFO Consumed 255000 messages total (login_events=139973, support_tickets=12799, feature_usage_logs=102228)
2026-09-19 00:36:43,362 INFO Consumed 256000 messages total (login_events=139973, support_tickets=12799, feature_usage_logs=103228)
2026-09-19 00:36:44,741 INFO Consumed 257000 messages total (login_events=139973, support_tickets=12799, feature_usage_logs=104228)
2026-09-19 00:36:45,934 INFO Consumed 258000 messages total (login_events=139973, support_tickets=12799, feature_usage_logs=105228)
2026-09-19 00:36:47,460 INFO Consumed 259000 messages total (login_events=139973, support_tickets=12799, feature_usage_logs=106228)
2026-09-19 00:36:48,695 INFO Consumed 260000 messages total (login_events=139973, support_tickets=12799, feature_usage_logs=107228)
2026-09-19 00:36:50,276 INFO Consumed 261000 messages total (login_events=139973, support_tickets=12799, feature_usage_logs=108228)
2026-09-19 00:36:51,419 INFO Consumed 262000 messages total (login_events=139973, support_tickets=12799, feature_usage_logs=109228)
2026-09-19 00:36:53,110 INFO Consumed 263000 messages total (login_events=139973, support_tickets=12799, feature_usage_logs=110228)
2026-09-19 00:36:54,245 INFO Consumed 264000 messages total (login_events=139973, support_tickets=12799, feature_usage_logs=111228)
2026-09-19 00:36:55,848 INFO Consumed 265000 messages total (login_events=139973, support_tickets=12799, feature_usage_logs=112228)
2026-09-19 00:36:56,702 INFO Consumed 266000 messages total (login_events=139973, support_tickets=12799, feature_usage_logs=113228)
2026-09-19 00:36:58,381 INFO Consumed 267000 messages total (login_events=139973, support_tickets=12799, feature_usage_logs=114228)
2026-09-19 00:36:59,835 INFO Consumed 268000 messages total (login_events=139973, support_tickets=12799, feature_usage_logs=115228)
2026-09-19 00:37:01,046 INFO Consumed 269000 messages total (login_events=139973, support_tickets=12799, feature_usage_logs=116228)
2026-09-19 00:37:02,372 INFO Consumed 270000 messages total (login_events=139973, support_tickets=12799, feature_usage_logs=117228)
2026-09-19 00:37:03,732 INFO Consumed 271000 messages total (login_events=139973, support_tickets=12799, feature_usage_logs=118228)
2026-09-19 00:37:04,989 INFO Consumed 272000 messages total (login_events=139973, support_tickets=12799, feature_usage_logs=119228)
